// Jest Snapshot v1, https://goo.gl/fbAQLP

exports[`HelloWorld should render a string of HTML 1`] = `"<strong>Hello World</strong>"`;
